0 verbose cli /opt/homebrew/Cellar/node/25.9.0_1/bin/node /opt/homebrew/bin/npm
1 info using npm@11.12.1
2 info using node@v25.9.0
3 silly config load:file:/opt/homebrew/lib/node_modules/npm/npmrc
4 silly config load:file:/Users/faisalhussain/GitHub/podcasts-app-v2/frontend/.npmrc
5 silly config load:file:/Users/faisalhussain/.npmrc
6 silly config load:file:/opt/homebrew/etc/npmrc
7 verbose title npm install framer-motion dompurify html-react-parser
8 verbose argv "install" "--cache" ".npm-cache" "framer-motion" "dompurify" "html-react-parser"
9 verbose logfile logs-max:10 dir:/Users/faisalhussain/GitHub/podcasts-app-v2/frontend/.npm-cache/_logs/2026-07-14T15_07_21_437Z-
10 verbose logfile /Users/faisalhussain/GitHub/podcasts-app-v2/frontend/.npm-cache/_logs/2026-07-14T15_07_21_437Z-debug-0.log
11 silly logfile done cleaning log files
12 silly packumentCache heap:2348810240 maxSize:587202560 maxEntrySize:293601280
13 http fetch GET https://registry.npmjs.org/npm attempt 1 failed with ENOTFOUND
14 silly idealTree buildDeps
15 silly fetch manifest framer-motion@*
16 silly packumentCache full:https://registry.npmjs.org/framer-motion cache-miss
17 http fetch GET https://registry.npmjs.org/framer-motion attempt 1 failed with ENOTFOUND
18 http fetch GET https://registry.npmjs.org/npm attempt 2 failed with ENOTFOUND
19 http fetch GET https://registry.npmjs.org/framer-motion attempt 2 failed with ENOTFOUND
20 http fetch GET https://registry.npmjs.org/npm attempt 3 failed with ENOTFOUND
21 http fetch GET https://registry.npmjs.org/framer-motion attempt 3 failed with ENOTFOUND
22 silly fetch manifest dompurify@*
23 silly packumentCache full:https://registry.npmjs.org/dompurify cache-miss
24 http fetch GET https://registry.npmjs.org/dompurify attempt 1 failed with ENOTFOUND
25 http fetch GET https://registry.npmjs.org/dompurify attempt 2 failed with ENOTFOUND
